// Jest Snapshot v1, https://goo.gl/fbAQLP

exports[`should render LoginPage correctly 1`] = `
<div
  className="box-layout"
>
  <div
    className="box-layout__box"
  >
    <h1
      className="box-layout__title"
    >
      BoilerPlate
      <p
        className="box-layout__subText"
      >
        Tag line for app.
      </p>
    </h1>
    <button
      className="button"
    >
      Login with Google
    </button>
  </div>
</div>
`;
